AAAAGGCACTAGTGCCCAAGCCGTATAAGGTACTCT
ATGATGCATCGACTCGTATGCTATTGTGAACGTGCT
TTAAGGCACTAGTGCCCTTGCCGTATAAGGTACTAG
AACATGCATCGACTCGTCCGCTATTGTGAACGTGAA
TACAGGCACTAGTGCCCAAGCCGTATAAGGTACCCG
AAGGTGCATCGACTCGTATGCTATTGTGAACGTCCA
TAAGGGCACTAGTGCCCTTGCCGTATAAGGTAGTCG
AAGAAGCATCGACTCGTCCGCTATTGTGAACGGGCA
TAAAAGCACTAGTGCCCTTGCCGTATAAGGTTCTCG
AAGATTCATCGACTCGTCCGCTATTGTGAACTTGCA
TAAAGTCACTAGTGCCCTTGCCGTATAAGGAACTCG
AAGATGGATCGACTCGTCCGCTATTGTGAAAGTGCA
TAAAGGCACTAGTGCCCTTGCCGTATAAGGTACTCG
AAGATGCATCGACTCGTCCGCTATTGTGAACGTGCA
TAAAGGCACTAGTGCCCTTGCCGTATAAGGTACTCG
AAGATGCATCGACTCGTCCGCTATTGTGAACGTGCA
TAAAGGCACTAGTGCCCTTGCCGTATAAGGTACTCG
AAGATGCATCGACTCGTCCGCTATTGTGAACGTGCA
TAAAGGCACTAGTGCCCTTGCCGTATAAGGTACTCG
AAGATGCATCGACTCGTCCGCTATTGTGAACGTGCA
TAAAGGCACTAGTGCCCTTGCCGTATAAGGTACTCG
AAGATGCATCGACTCGTCCGCTATTGTGAACGTGCA
TAAAGGCACTAGTGCCCTTGCCGTATAAGGTACTCG
AAGATGCATCGACTCGTCCGCTATTGTGAACGTGCA
TAAAGGCACTAGTGCCCTTGCCGTATAAGGTACTCG
AAGATGCATCGACTCGTCCGCTATTGTGAACGTGCA
TAAAGGCACTAGTGCCCTTGCCGTATAAGGTACTCG
AAGATGCATCGACTCGTCCGCTATTGTGAACGTGCA
