AAAAGGCACTAGTGCCCA
ATGATGCATCGACTCGTA
TTAAGGCACTAGTGCCCT
AACATGCATCGACTCGTC
TACAGGCACTAGTGCCCA
AAGGTGCATCGACTCGTA
TAAGGGCACTAGTGCCCT
AAGAAGCATCGACTCGTC
TAAAAGCACTAGTGCCCT
AAGATTCATCGACTCGTC
TAAAGTCACTAGTGCCCT
AAGATGGATCGACTCGTC
TAAAGGCACTAGTGCCCT
AAGATGCATCGACTCGTC
TAAAGGCACTAGTGCCCT
AAGATGCATCGACTCGTC
TAAAGGCACTAGTGCCCT
AAGATGCATCGACTCGTC
TAAAGGCACTAGTGCCCT
AAGATGCATCGACTCGTC
TAAAGGCACTAGTGCCCT
AAGATGCATCGACTCGTC
TAAAGGCACTAGTGCCCT
AAGATGCATCGACTCGTC
TAAAGGCACTAGTGCCCT
AAGATGCATCGACTCGTC
TAAAGGCACTAGTGCCCT
AAGATGCATCGACTCGTC
